../Core/Src/ILI9488.c:37:6:ILI9488_Init	8	static
../Core/Src/ILI9488.c:129:6:setAddrWindow	24	static
../Core/Src/ILI9488.c:145:6:setScrollArea	16	static
../Core/Src/ILI9488.c:155:6:scroll	16	static
../Core/Src/ILI9488.c:161:6:pushColor	16	static
../Core/Src/ILI9488.c:168:6:pushColors	56	dynamic
../Core/Src/ILI9488.c:194:6:drawImage	72	dynamic
../Core/Src/ILI9488.c:233:6:fillScreen	24	static
../Core/Src/ILI9488.c:237:6:drawPixel	16	static
../Core/Src/ILI9488.c:249:6:drawFastVLine	24	static
../Core/Src/ILI9488.c:268:6:drawFastHLine	24	static
../Core/Src/ILI9488.c:284:6:drawLine	40	static
../Core/Src/ILI9488.c:301:6:writeLine	48	static
../Core/Src/ILI9488.c:340:6:fillRect	24	static
../Core/Src/ILI9488.c:376:6:setRotation	16	static
../Core/Src/ILI9488.c:405:6:invertDisplay	16	static
../Core/Src/ILI9488.c:411:10:color565	16	static
../Core/Src/ILI9488.c:415:6:spiwrite	16	static
../Core/Src/ILI9488.c:420:6:writecommand	16	static
../Core/Src/ILI9488.c:434:6:write16BitColor	24	static
../Core/Src/ILI9488.c:452:6:writedata	16	static
../Core/Src/ILI9488.c:464:6:testLines	56	static
../Core/Src/ILI9488.c:515:6:sendasIO	24	static
../Core/Src/ILI9488.c:561:6:ILI9341_Draw_Colour	32	static
../Core/Src/ILI9488.c:593:6:ILI9341_Draw_Colour_Burst	80	dynamic
../Core/Src/ILI9488.c:654:6:ILI9341_Fill_Screen	16	static
../Core/Src/ILI9488.c:662:6:ILI9341_Fill_Screen1	24	static
../Core/Src/ILI9488.c:711:13:filledRectangleClip	40	static
../Core/Src/ILI9488.c:760:6:GraphicsClear	24	static
../Core/Src/ILI9488.c:768:6:LCD_Char	56	static
../Core/Src/ILI9488.c:800:6:LCD_Font	72	static
