../Core/Src/main.c:93:6:HAL_SPI_TxCpltCallback	16	static
../Core/Src/main.c:106:5:main	32	static
../Core/Src/main.c:198:6:SystemClock_Config	88	static
../Core/Src/main.c:245:13:MX_ADC1_Init	24	static
../Core/Src/main.c:301:13:MX_SPI1_Init	8	static
../Core/Src/main.c:339:13:MX_SPI2_Init	8	static
../Core/Src/main.c:377:13:MX_TIM2_Init	32	static
../Core/Src/main.c:422:13:MX_USART1_UART_Init	8	static
../Core/Src/main.c:453:13:MX_DMA_Init	16	static
../Core/Src/main.c:474:13:MX_GPIO_Init	40	static
../Core/Src/main.c:535:6:HAL_ADC_ConvCpltCallback	16	static
../Core/Src/main.c:548:6:Error_Handler	4	static,ignoring_inline_asm
